Using Apple Silicon MPS GPU
A.L.E: Arcade Learning Environment (version 0.11.2+ecc1138)
[Powered by Stella]

============================================================
Atari Dormancy Analysis: ALE/Pong-v5
Total steps: 500,000 | Device: mps
============================================================
      Step |   Conv1 |   Conv2 |   Conv3 |     FC1 |  Mean20Rew
--------------------------------------------------------------
    25,000 |   56.2% |   39.1% |   48.4% |   78.9% |     -20.70
    50,000 |   56.2% |   35.9% |   35.9% |   76.0% |     -20.75
    75,000 |   56.2% |   35.9% |   32.8% |   72.5% |     -20.20
   100,000 |   56.2% |   35.9% |   31.2% |   72.1% |     -19.70
   125,000 |   56.2% |   35.9% |   29.7% |   69.5% |     -19.85
   150,000 |   56.2% |   35.9% |   29.7% |   69.7% |     -19.35
   175,000 |   56.2% |   35.9% |   29.7% |   68.4% |     -19.20
   200,000 |   56.2% |   35.9% |   28.1% |   69.3% |     -16.30
   225,000 |   56.2% |   35.9% |   28.1% |   68.4% |     -15.10
   250,000 |   56.2% |   35.9% |   28.1% |   69.3% |     -14.65
   275,000 |   56.2% |   35.9% |   26.6% |   69.7% |     -13.05
   300,000 |   56.2% |   35.9% |   25.0% |   71.5% |     -13.00
   325,000 |   56.2% |   35.9% |   26.6% |   71.5% |     -13.00
   350,000 |   56.2% |   35.9% |   23.4% |   69.9% |     -12.10
   375,000 |   56.2% |   35.9% |   25.0% |   71.3% |     -10.60
   400,000 |   56.2% |   35.9% |   23.4% |   72.9% |     -10.00
   425,000 |   56.2% |   35.9% |   25.0% |   71.1% |      -7.55
   450,000 |   56.2% |   35.9% |   23.4% |   72.9% |      -9.40
   475,000 |   56.2% |   35.9% |   23.4% |   73.8% |      -7.10
   500,000 |   56.2% |   35.9% |   23.4% |   74.2% |      -6.95

============================================================
FINAL DORMANCY SUMMARY
============================================================
  conv1   : 56.2% dormant
  conv2   : 35.9% dormant
  conv3   : 23.4% dormant
  fc1     : 74.2% dormant
