
============================================================
Experiment 14A: Random Masking Control
Task A: CartPole-v1 | Widths: [64, 128, 256, 512] | Seeds: 5
============================================================
  [W=64|S1] Dormancy=32.0% nDormant=[13, 28]
    All: 500.0 | Dormant-masked: 500.0 | Random-masked: 92.7
  [W=128|S4] Dormancy=35.5% nDormant=[27, 64]
    All: 500.0 | Dormant-masked: 500.0 | Random-masked: 13.7
  [W=256|S4] Dormancy=37.5% nDormant=[47, 145]
    All: 451.4 | Dormant-masked: 500.0 | Random-masked: 79.6
  [W=64|S2] Dormancy=33.6% nDormant=[15, 28]
    All: 330.2 | Dormant-masked: 311.5 | Random-masked: 62.7
  [W=128|S2] Dormancy=35.5% nDormant=[28, 63]
    All: 461.6 | Dormant-masked: 388.9 | Random-masked: 97.0
  [W=256|S2] Dormancy=41.6% nDormant=[65, 148]
    All: 500.0 | Dormant-masked: 500.0 | Random-masked: 45.6
  [W=512|S4] Dormancy=40.7% nDormant=[122, 295]
    All: 500.0 | Dormant-masked: 500.0 | Random-masked: 58.8
  [W=64|S3] Dormancy=28.1% nDormant=[12, 24]
    All: 148.8 | Dormant-masked: 146.0 | Random-masked: 225.1
  [W=256|S1] Dormancy=37.3% nDormant=[37, 154]
    All: 500.0 | Dormant-masked: 500.0 | Random-masked: 76.0
  [W=512|S1] Dormancy=43.4% nDormant=[127, 317]
    All: 500.0 | Dormant-masked: 500.0 | Random-masked: 167.2
  [W=128|S0] Dormancy=31.2% nDormant=[14, 66]
    All: 499.5 | Dormant-masked: 500.0 | Random-masked: 37.1
  [W=128|S1] Dormancy=35.2% nDormant=[33, 57]
    All: 263.5 | Dormant-masked: 27.8 | Random-masked: 46.4
  [W=512|S0] Dormancy=48.2% nDormant=[161, 333]
    All: 500.0 | Dormant-masked: 459.1 | Random-masked: 38.7
  [W=64|S4] Dormancy=33.6% nDormant=[14, 29]
    All: 500.0 | Dormant-masked: 500.0 | Random-masked: 27.6
  [W=256|S0] Dormancy=33.8% nDormant=[41, 132]
    All: 500.0 | Dormant-masked: 500.0 | Random-masked: 77.4
  [W=512|S2] Dormancy=51.6% nDormant=[207, 321]
    All: 126.8 | Dormant-masked: 74.8 | Random-masked: 88.8
  [W=64|S0] Dormancy=31.2% nDormant=[19, 21]
    All: 500.0 | Dormant-masked: 500.0 | Random-masked: 119.9
  [W=128|S3] Dormancy=28.5% nDormant=[12, 61]
    All: 135.3 | Dormant-masked: 134.9 | Random-masked: 67.1
  [W=256|S3] Dormancy=41.8% nDormant=[56, 158]
    All: 130.4 | Dormant-masked: 129.6 | Random-masked: 32.0
  [W=512|S3] Dormancy=53.0% nDormant=[217, 326]
    All: 500.0 | Dormant-masked: 500.0 | Random-masked: 77.7

============================================================
SUMMARY
============================================================
Width=64: nB%=31.7% | All=395.8 | Dormant-masked=391.5±142.8 | Random-masked=105.6±67.2
  Drop(dormant)=4.3  Drop(random)=290.2
Width=128: nB%=33.2% | All=372.0 | Dormant-masked=310.3±194.3 | Random-masked=52.3±28.2
  Drop(dormant)=61.7  Drop(random)=319.7
Width=256: nB%=38.4% | All=416.4 | Dormant-masked=425.9±148.2 | Random-masked=62.1±19.6
  Drop(dormant)=-9.6  Drop(random)=354.2
Width=512: nB%=47.4% | All=425.4 | Dormant-masked=406.8±166.7 | Random-masked=86.3±43.9
  Drop(dormant)=18.6  Drop(random)=339.1

Results written to exp14a_results.md

