
=========================================
Testing Network Width: 256 (N=5 seeds)
=========================================

--- Seed 1/5 ---
  > Running Shared Head Branch...
  > Running Separate Head Branch...
    [Shared] Task B: -108.5 | Task A Recovery: 57.7
    [Separate] Task B: -223.7 | Task A Recovery: 8.9

--- Seed 2/5 ---
  > Running Shared Head Branch...
  > Running Separate Head Branch...
    [Shared] Task B: -93.6 | Task A Recovery: 23.4
    [Separate] Task B: -93.2 | Task A Recovery: 17.4

--- Seed 3/5 ---
  > Running Shared Head Branch...
  > Running Separate Head Branch...
    [Shared] Task B: -73.4 | Task A Recovery: 99.4
    [Separate] Task B: -103.2 | Task A Recovery: 9.4

--- Seed 4/5 ---
  > Running Shared Head Branch...
  > Running Separate Head Branch...
    [Shared] Task B: -85.8 | Task A Recovery: 63.8
    [Separate] Task B: -500.0 | Task A Recovery: 10.8

--- Seed 5/5 ---
  > Running Shared Head Branch...
  > Running Separate Head Branch...
    [Shared] Task B: -87.2 | Task A Recovery: 137.2
    [Separate] Task B: -94.7 | Task A Recovery: 9.0

--- SUMMARY FOR WIDTH 256 ---
Shared Head Recovery:   76.3 ± 38.8
Separate Head Recovery: 11.1 ± 3.2
-----------------------------


=========================================
Testing Network Width: 512 (N=5 seeds)
=========================================

--- Seed 1/5 ---
  > Running Shared Head Branch...
  > Running Separate Head Branch...
    [Shared] Task B: -87.8 | Task A Recovery: 500.0
    [Separate] Task B: -108.0 | Task A Recovery: 9.2

--- Seed 2/5 ---
  > Running Shared Head Branch...
  > Running Separate Head Branch...
    [Shared] Task B: -104.5 | Task A Recovery: 60.5
    [Separate] Task B: -87.9 | Task A Recovery: 9.4

--- Seed 3/5 ---
  > Running Shared Head Branch...
  > Running Separate Head Branch...
    [Shared] Task B: -81.0 | Task A Recovery: 40.1
    [Separate] Task B: -99.5 | Task A Recovery: 9.1

--- Seed 4/5 ---
  > Running Shared Head Branch...
  > Running Separate Head Branch...
    [Shared] Task B: -148.2 | Task A Recovery: 30.7
    [Separate] Task B: -98.0 | Task A Recovery: 9.2

--- Seed 5/5 ---
  > Running Shared Head Branch...
  > Running Separate Head Branch...
    [Shared] Task B: -102.3 | Task A Recovery: 33.3
    [Separate] Task B: -120.6 | Task A Recovery: 9.4

--- SUMMARY FOR WIDTH 512 ---
Shared Head Recovery:   132.9 ± 183.8
Separate Head Recovery: 9.3 ± 0.1
-----------------------------


