
=========================================
Speed Comparison Grid Search (Width 256)
=========================================
Total parallel tasks queued: 30 (running on 6 cores)

--- Seed 4 ---
[Seed 4] Training Recycled Network on Acrobot-v1...
[Seed 4] Training Scratch Network on Acrobot-v1...
[Seed 4] Recycled: 41514 steps | Scratch: 59496 steps

--- Seed 0 ---
[Seed 0] Training Recycled Network on MountainCar-v0...
[Seed 0] Training Scratch Network on MountainCar-v0...
[Seed 0] Recycled: 150000 steps | Scratch: 150000 steps

--- Seed 1 ---
[Seed 1] Training Recycled Network on MountainCar-v0...
[Seed 1] Training Scratch Network on MountainCar-v0...
[Seed 1] Recycled: 150000 steps | Scratch: 150000 steps

--- Seed 2 ---
[Seed 2] Training Recycled Network on MountainCar-v0...
[Seed 2] Training Scratch Network on MountainCar-v0...
[Seed 2] Recycled: 150000 steps | Scratch: 150000 steps

--- Seed 3 ---
[Seed 3] Training Recycled Network on MountainCar-v0...
[Seed 3] Training Scratch Network on MountainCar-v0...
[Seed 3] Recycled: 150000 steps | Scratch: 150000 steps

--- Seed 4 ---
[Seed 4] Training Recycled Network on MountainCar-v0...
[Seed 4] Training Scratch Network on MountainCar-v0...
[Seed 4] Recycled: 150000 steps | Scratch: 150000 steps

--- Seed 0 ---
[Seed 0] Training Recycled Network on CartPole-v1...
[Seed 0] Training Scratch Network on CartPole-v1...
[Seed 0] Recycled: 150000 steps | Scratch: 90261 steps

--- Seed 1 ---
[Seed 1] Training Recycled Network on CartPole-v1...
[Seed 1] Training Scratch Network on CartPole-v1...
[Seed 1] Recycled: 62256 steps | Scratch: 125110 steps

--- Seed 1 ---
[Seed 1] Training Recycled Network on MountainCar-v0...
[Seed 1] Training Scratch Network on MountainCar-v0...
[Seed 1] Recycled: 150000 steps | Scratch: 150000 steps

--- Seed 2 ---
[Seed 2] Training Recycled Network on MountainCar-v0...
[Seed 2] Training Scratch Network on MountainCar-v0...
[Seed 2] Recycled: 150000 steps | Scratch: 150000 steps

--- Seed 2 ---
[Seed 2] Training Recycled Network on CartPole-v1...
[Seed 2] Training Scratch Network on CartPole-v1...
[Seed 2] Recycled: 130700 steps | Scratch: 84944 steps

--- Seed 3 ---
[Seed 3] Training Recycled Network on CartPole-v1...
[Seed 3] Training Scratch Network on CartPole-v1...
[Seed 3] Recycled: 150000 steps | Scratch: 68930 steps

--- Seed 2 ---
[Seed 2] Training Recycled Network on Acrobot-v1...
[Seed 2] Training Scratch Network on Acrobot-v1...
[Seed 2] Recycled: 41764 steps | Scratch: 63946 steps

--- Seed 3 ---
[Seed 3] Training Recycled Network on Acrobot-v1...
[Seed 3] Training Scratch Network on Acrobot-v1...
[Seed 3] Recycled: 50521 steps | Scratch: 55486 steps

--- Seed 4 ---
[Seed 4] Training Recycled Network on CartPole-v1...
[Seed 4] Training Scratch Network on CartPole-v1...
[Seed 4] Recycled: 150000 steps | Scratch: 90212 steps

--- Seed 0 ---
[Seed 0] Training Recycled Network on MountainCar-v0...
[Seed 0] Training Scratch Network on MountainCar-v0...
[Seed 0] Recycled: 150000 steps | Scratch: 150000 steps

--- Seed 1 ---
[Seed 1] Training Recycled Network on Acrobot-v1...
[Seed 1] Training Scratch Network on Acrobot-v1...
[Seed 1] Recycled: 53546 steps | Scratch: 54634 steps

--- Seed 2 ---
[Seed 2] Training Recycled Network on Acrobot-v1...
[Seed 2] Training Scratch Network on Acrobot-v1...
[Seed 2] Recycled: 44819 steps | Scratch: 59243 steps

--- FINAL GRID RESULTS ---
CartPole-v1 -> Acrobot-v1 | Recycled: 46438.2 | Scratch: 57442.2 | Diff: 11004.0
CartPole-v1 -> MountainCar-v0 | Recycled: 150000.0 | Scratch: 150000.0 | Diff: 0.0
Acrobot-v1 -> CartPole-v1 | Recycled: 142544.8 | Scratch: 105761.8 | Diff: -36783.0
Acrobot-v1 -> MountainCar-v0 | Recycled: 150000.0 | Scratch: 150000.0 | Diff: 0.0
MountainCar-v0 -> CartPole-v1 | Recycled: 123766.6 | Scratch: 92852.6 | Diff: -30914.0
MountainCar-v0 -> Acrobot-v1 | Recycled: 52129.2 | Scratch: 57788.2 | Diff: 5659.0

