
=========================================
Speed Comparison Grid Search (Width 256)
=========================================
Total parallel tasks queued: 30 (running on 6 cores)

--- Seed 0 ---
[Seed 0] Training Recycled Network on CartPole-v1...
[Seed 0] Training Scratch Network on CartPole-v1...
[Seed 0] Recycled: 150000 steps | Scratch: 76425 steps

--- Seed 1 ---
[Seed 1] Training Recycled Network on CartPole-v1...
[Seed 1] Training Scratch Network on CartPole-v1...
[Seed 1] Recycled: 150000 steps | Scratch: 111612 steps

--- Seed 1 ---
[Seed 1] Training Recycled Network on MountainCar-v0...
[Seed 1] Training Scratch Network on MountainCar-v0...
[Seed 1] Recycled: 150000 steps | Scratch: 150000 steps

--- Seed 2 ---
[Seed 2] Training Recycled Network on MountainCar-v0...
[Seed 2] Training Scratch Network on MountainCar-v0...
[Seed 2] Recycled: 150000 steps | Scratch: 150000 steps

--- Seed 4 ---
[Seed 4] Training Recycled Network on Acrobot-v1...
[Seed 4] Training Scratch Network on Acrobot-v1...
[Seed 4] Recycled: 61131 steps | Scratch: 56934 steps

--- Seed 0 ---
[Seed 0] Training Recycled Network on MountainCar-v0...
[Seed 0] Training Scratch Network on MountainCar-v0...
[Seed 0] Recycled: 150000 steps | Scratch: 150000 steps

--- Seed 3 ---
[Seed 3] Training Recycled Network on MountainCar-v0...
[Seed 3] Training Scratch Network on MountainCar-v0...
[Seed 3] Recycled: 150000 steps | Scratch: 150000 steps

--- Seed 4 ---
[Seed 4] Training Recycled Network on MountainCar-v0...
[Seed 4] Training Scratch Network on MountainCar-v0...
[Seed 4] Recycled: 150000 steps | Scratch: 150000 steps

--- Seed 0 ---
[Seed 0] Training Recycled Network on Acrobot-v1...
[Seed 0] Training Scratch Network on Acrobot-v1...
[Seed 0] Recycled: 52830 steps | Scratch: 55265 steps

--- Seed 1 ---
[Seed 1] Training Recycled Network on Acrobot-v1...
[Seed 1] Training Scratch Network on Acrobot-v1...
[Seed 1] Recycled: 54852 steps | Scratch: 56573 steps

--- Seed 4 ---
[Seed 4] Training Recycled Network on CartPole-v1...
[Seed 4] Training Scratch Network on CartPole-v1...
[Seed 4] Recycled: 13950 steps | Scratch: 98079 steps

--- Seed 0 ---
[Seed 0] Training Recycled Network on MountainCar-v0...
[Seed 0] Training Scratch Network on MountainCar-v0...
[Seed 0] Recycled: 150000 steps | Scratch: 150000 steps

--- Seed 1 ---
[Seed 1] Training Recycled Network on Acrobot-v1...
[Seed 1] Training Scratch Network on Acrobot-v1...
[Seed 1] Recycled: 58926 steps | Scratch: 55142 steps

--- Seed 2 ---
[Seed 2] Training Recycled Network on Acrobot-v1...
[Seed 2] Training Scratch Network on Acrobot-v1...
[Seed 2] Recycled: 47603 steps | Scratch: 54674 steps

--- Seed 2 ---
[Seed 2] Training Recycled Network on Acrobot-v1...
[Seed 2] Training Scratch Network on Acrobot-v1...
[Seed 2] Recycled: 57437 steps | Scratch: 64924 steps

--- Seed 3 ---
[Seed 3] Training Recycled Network on Acrobot-v1...
[Seed 3] Training Scratch Network on Acrobot-v1...
[Seed 3] Recycled: 44036 steps | Scratch: 58707 steps

--- Seed 2 ---
[Seed 2] Training Recycled Network on CartPole-v1...
[Seed 2] Training Scratch Network on CartPole-v1...
[Seed 2] Recycled: 150000 steps | Scratch: 115175 steps

--- Seed 3 ---
[Seed 3] Training Recycled Network on CartPole-v1...
[Seed 3] Training Scratch Network on CartPole-v1...
[Seed 3] Recycled: 71644 steps | Scratch: 101018 steps

--- Seed 4 ---
[Seed 4] Training Recycled Network on CartPole-v1...
[Seed 4] Training Scratch Network on CartPole-v1...
[Seed 4] Recycled: 117967 steps | Scratch: 96053 steps

--- Seed 0 ---
[Seed 0] Training Recycled Network on Acrobot-v1...
[Seed 0] Training Scratch Network on Acrobot-v1...
[Seed 0] Recycled: 57133 steps | Scratch: 52217 steps

--- Seed 3 ---
[Seed 3] Training Recycled Network on MountainCar-v0...
[Seed 3] Training Scratch Network on MountainCar-v0...
[Seed 3] Recycled: 150000 steps | Scratch: 150000 steps

--- Seed 4 ---
[Seed 4] Training Recycled Network on MountainCar-v0...
[Seed 4] Training Scratch Network on MountainCar-v0...
[Seed 4] Recycled: 150000 steps | Scratch: 150000 steps

--- Seed 2 ---
[Seed 2] Training Recycled Network on CartPole-v1...
[Seed 2] Training Scratch Network on CartPole-v1...
[Seed 2] Recycled: 147529 steps | Scratch: 88428 steps

--- Seed 3 ---
[Seed 3] Training Recycled Network on CartPole-v1...
[Seed 3] Training Scratch Network on CartPole-v1...
[Seed 3] Recycled: 83639 steps | Scratch: 73178 steps

--- FINAL GRID RESULTS ---
CartPole-v1 -> Acrobot-v1 | Recycled: 54057.2 | Scratch: 58480.6 | Diff: 4423.4
CartPole-v1 -> MountainCar-v0 | Recycled: 150000.0 | Scratch: 150000.0 | Diff: 0.0
Acrobot-v1 -> CartPole-v1 | Recycled: 107118.8 | Scratch: 100461.8 | Diff: -6657.0
Acrobot-v1 -> MountainCar-v0 | Recycled: 150000.0 | Scratch: 150000.0 | Diff: 0.0
MountainCar-v0 -> CartPole-v1 | Recycled: 118557.2 | Scratch: 88327.0 | Diff: -30230.2
MountainCar-v0 -> Acrobot-v1 | Recycled: 52499.6 | Scratch: 57128.0 | Diff: 4628.4

